#!/bin/bash
  for variable in $(zfs list -t snapshot | grep -v NAME | grep -v CDRSNAP | awk -F " " {'print $1'});do
    arrVar+=("$variable")
  done
  for snapsDir in ${arrVar[@]};do
    name=$(echo $snapsDir | sed "s/://g")
    mkdir -p /snaps/$name
  done
  for snaps in ${arrVar[@]};do
    name=$(echo $snaps | sed "s/://g")
    mount -t zfs $snaps /snaps/$name
  done
  
  systemctl restart smb nmb
