#!/bin/bash
  systemctl stop smb nmb
  for variable in $(zfs list -t snapshot | grep -v NAME | grep -v CDRSNAP | awk -F " " {'print $1'});do
    arrVar+=("$variable")
  done
  for snaps in ${arrVar[@]};do
    name=$(echo $snaps | sed "s/://g")
    umount -f /snaps/$name
  done
  rm -rf /snaps/*
  sleep 5
